[transformers] `torch_dtype` is deprecated! Use `dtype` instead!
============================================================
Evaluating Model: google/gemma-2-2b-it (Tag: gemma2_2b_it, Instruct: True)
Stimuli Path: v1/data/processed/aipsy_4split_all.csv (Device: cuda)
============================================================
Loading weights:   0%|          | 0/288 [00:00<?, ?it/s]Loading weights:  15%|█▌        | 44/288 [00:00<00:00, 438.93it/s]Loading weights:  55%|█████▍    | 157/288 [00:00<00:00, 841.18it/s]Loading weights:  93%|█████████▎| 269/288 [00:00<00:00, 961.74it/s]Loading weights: 100%|██████████| 288/288 [00:00<00:00, 916.59it/s]
[W915 17:37:14.758871884 CUDACachingAllocator.cpp:3934] memory allocation failed with OOM on device 0 while trying to allocate 22645047296 bytes (free: 2811297792, total: 150111977472).
[W915 17:37:18.166733007 CUDACachingAllocator.cpp:3934] memory allocation failed with OOM on device 0 while trying to allocate 23265804288 bytes (free: 22595829760, total: 150111977472).
[W915 17:37:20.405709397 CUDACachingAllocator.cpp:3934] memory allocation failed with OOM on device 0 while trying to allocate 24012390400 bytes (free: 20196687872, total: 150111977472).
[W915 17:37:26.977477285 CUDACachingAllocator.cpp:3934] memory allocation failed with OOM on device 0 while trying to allocate 24635244544 bytes (free: 16587489280, total: 150111977472).
[W915 17:37:33.654353783 CUDACachingAllocator.cpp:3934] memory allocation failed with OOM on device 0 while trying to allocate 25258098688 bytes (free: 13473218560, total: 150111977472).
[W915 17:37:52.662214906 CUDACachingAllocator.cpp:3934] memory allocation failed with OOM on device 0 while trying to allocate 25381830656 bytes (free: 11480924160, total: 150111977472).
[W915 17:38:24.221049841 CUDACachingAllocator.cpp:3934] memory allocation failed with OOM on device 0 while trying to allocate 25878855680 bytes (free: 10610606080, total: 150111977472).
[W915 17:40:10.093302501 CUDACachingAllocator.cpp:3934] memory allocation failed with OOM on device 0 while trying to allocate 26252148736 bytes (free: 8746237952, total: 150111977472).
[W915 17:40:22.580198180 CUDACachingAllocator.cpp:3934] memory allocation failed with OOM on device 0 while trying to allocate 26377977856 bytes (free: 7500529664, total: 150111977472).
[W915 17:40:25.145689497 CUDACachingAllocator.cpp:3934] memory allocation failed with OOM on device 0 while trying to allocate 27124563968 bytes (free: 6376456192, total: 150111977472).
[W915 17:40:36.037466445 CUDACachingAllocator.cpp:3934] memory allocation failed with OOM on device 0 while trying to allocate 27497857024 bytes (free: 3761307648, total: 150111977472).
[W915 17:40:39.703838205 CUDACachingAllocator.cpp:3934] memory allocation failed with OOM on device 0 while trying to allocate 28244443136 bytes (free: 1894842368, total: 150111977472).
[W915 17:40:53.665023864 CUDACachingAllocator.cpp:3934] memory allocation failed with OOM on device 0 while trying to allocate 28617736192 bytes (free: 27899527168, total: 150111977472).
[W915 17:41:22.718821101 CUDACachingAllocator.cpp:3934] memory allocation failed with OOM on device 0 while trying to allocate 28865200128 bytes (free: 26777550848, total: 150111977472).
[W915 17:43:10.264287771 CUDACachingAllocator.cpp:3934] memory allocation failed with OOM on device 0 while trying to allocate 29611786240 bytes (free: 26035159040, total: 150111977472).
[W915 17:43:13.108743483 CUDACachingAllocator.cpp:3934] memory allocation failed with OOM on device 0 while trying to allocate 30358372352 bytes (free: 23795400704, total: 150111977472).
[W915 17:44:30.750853212 CUDACachingAllocator.cpp:3934] memory allocation failed with OOM on device 0 while trying to allocate 30607933440 bytes (free: 21949906944, total: 150111977472).
[W915 17:45:01.605316776 CUDACachingAllocator.cpp:3934] memory allocation failed with OOM on device 0 while trying to allocate 30981226496 bytes (free: 21595488256, total: 150111977472).
[W915 17:45:39.773814884 CUDACachingAllocator.cpp:3934] memory allocation failed with OOM on device 0 while trying to allocate 31727812608 bytes (free: 20672741376, total: 150111977472).
[W915 17:46:10.468344251 CUDACachingAllocator.cpp:3934] memory allocation failed with OOM on device 0 while trying to allocate 31851544576 bytes (free: 18432983040, total: 150111977472).
[W915 17:46:47.557758112 CUDACachingAllocator.cpp:3934] memory allocation failed with OOM on device 0 while trying to allocate 32101105664 bytes (free: 18061787136, total: 150111977472).
[W915 17:46:50.618632180 CUDACachingAllocator.cpp:3934] memory allocation failed with OOM on device 0 while trying to allocate 32847691776 bytes (free: 17311006720, total: 150111977472).
[W915 17:58:25.869388344 CUDACachingAllocator.cpp:3934] memory allocation failed with OOM on device 0 while trying to allocate 33594277888 bytes (free: 15071248384, total: 150111977472).
Generated 729 VAD candidate triplets in {1..9}^3.
Starting AIPsy 4-Split evaluation on 480 stimuli...
[1/480] Evaluating stimulus id: B-rage-d1-v1 (split: clinical, emotion: rage)
[20/480] Evaluating stimulus id: B-grief-d2-v4 (split: clinical, emotion: grief)
[40/480] Evaluating stimulus id: B-ecstasy-d1-v4 (split: clinical, emotion: ecstasy)
[60/480] Evaluating stimulus id: B-loathing-d3-v4 (split: clinical, emotion: loathing)
[80/480] Evaluating stimulus id: B-admiration-d2-v4 (split: clinical, emotion: admiration)
[100/480] Evaluating stimulus id: B-rage-d4-v4 (split: clinical, emotion: rage)
[120/480] Evaluating stimulus id: B-grief-d6-v4 (split: clinical, emotion: grief)
[140/480] Evaluating stimulus id: B-ecstasy-d5-v4 (split: clinical, emotion: ecstasy)
[160/480] Evaluating stimulus id: B-amazement-d4-v4 (split: clinical, emotion: amazement)
[180/480] Evaluating stimulus id: B-admiration-d6-v4 (split: clinical, emotion: admiration)
[200/480] Evaluating stimulus id: N-rage-d2-c4 (split: neutral, emotion: neutral)
[220/480] Evaluating stimulus id: N-terror-d1-c4 (split: neutral, emotion: neutral)
[240/480] Evaluating stimulus id: N-ecstasy-d3-c4 (split: neutral, emotion: neutral)
[260/480] Evaluating stimulus id: N-amazement-d2-c4 (split: neutral, emotion: neutral)
[280/480] Evaluating stimulus id: N-vigilance-d1-c4 (split: neutral, emotion: neutral)
[300/480] Evaluating stimulus id: N-rage-d6-c4 (split: neutral, emotion: neutral)
[320/480] Evaluating stimulus id: N-terror-d5-c4 (split: neutral, emotion: neutral)
[340/480] Evaluating stimulus id: N-loathing-d4-c4 (split: neutral, emotion: neutral)
[360/480] Evaluating stimulus id: N-amazement-d6-c4 (split: neutral, emotion: neutral)
[380/480] Evaluating stimulus id: N-vigilance-d5-c4 (split: neutral, emotion: neutral)
[400/480] Evaluating stimulus id: Bm-terror-d2-v2 (split: moderate, emotion: terror)
[420/480] Evaluating stimulus id: Bm-amazement-d3-v2 (split: moderate, emotion: amazement)
[440/480] Evaluating stimulus id: c-08 (split: complex_neutral, emotion: neutral)
[460/480] Evaluating stimulus id: c-28 (split: complex_neutral, emotion: neutral)
[480/480] Evaluating stimulus id: c-48 (split: complex_neutral, emotion: neutral)

============================================================
SUCCESS: Saved 480 evaluation results to v1/results/aipsy_4split_eval/gemma2_2b_it_aipsy_4split.csv
============================================================
