============================= test session starts ==============================
platform linux -- Python 3.12.3, pytest-9.1.1, pluggy-1.6.0
rootdir: /mnt/nas/home/hiromi/src/emo
plugins: anyio-4.15.1
collected 0 items / 5 errors

==================================== ERRORS ====================================
___________________ ERROR collecting tests/test_geometry.py ____________________
ImportError while importing test module '/mnt/nas/home/hiromi/src/emo/tests/test_geometry.py'.
Hint: make sure your test modules/packages have valid Python names.
Traceback:
/usr/lib/python3.12/importlib/__init__.py:90: in import_module
    return _bootstrap._gcd_import(name[level:], package, level)
           ^^^^^^^^^^^^^^^^^^^^^^^^^^^^^^^^^^^^^^^^^^^^^^^^^^^^
tests/test_geometry.py:4: in <module>
    from affective_empathy_eval.geometry import (
E   ModuleNotFoundError: No module named 'affective_empathy_eval.geometry'
_________________ ERROR collecting tests/test_interventions.py _________________
ImportError while importing test module '/mnt/nas/home/hiromi/src/emo/tests/test_interventions.py'.
Hint: make sure your test modules/packages have valid Python names.
Traceback:
/usr/lib/python3.12/importlib/__init__.py:90: in import_module
    return _bootstrap._gcd_import(name[level:], package, level)
           ^^^^^^^^^^^^^^^^^^^^^^^^^^^^^^^^^^^^^^^^^^^^^^^^^^^^
tests/test_interventions.py:4: in <module>
    from affective_empathy_eval.interventions import (
E   ModuleNotFoundError: No module named 'affective_empathy_eval.interventions'
__________________ ERROR collecting tests/test_likelihood.py ___________________
ImportError while importing test module '/mnt/nas/home/hiromi/src/emo/tests/test_likelihood.py'.
Hint: make sure your test modules/packages have valid Python names.
Traceback:
/usr/lib/python3.12/importlib/__init__.py:90: in import_module
    return _bootstrap._gcd_import(name[level:], package, level)
           ^^^^^^^^^^^^^^^^^^^^^^^^^^^^^^^^^^^^^^^^^^^^^^^^^^^^
tests/test_likelihood.py:4: in <module>
    from affective_empathy_eval.likelihood import (
E   ModuleNotFoundError: No module named 'affective_empathy_eval.likelihood'
_________________ ERROR collecting tests/test_models_hooks.py __________________
ImportError while importing test module '/mnt/nas/home/hiromi/src/emo/tests/test_models_hooks.py'.
Hint: make sure your test modules/packages have valid Python names.
Traceback:
/usr/lib/python3.12/importlib/__init__.py:90: in import_module
    return _bootstrap._gcd_import(name[level:], package, level)
           ^^^^^^^^^^^^^^^^^^^^^^^^^^^^^^^^^^^^^^^^^^^^^^^^^^^^
tests/test_models_hooks.py:4: in <module>
    from affective_empathy_eval.models.adapters import LlamaFamilyAdapter
E   ModuleNotFoundError: No module named 'affective_empathy_eval.models'
__________________ ERROR collecting tests/test_statistics.py ___________________
ImportError while importing test module '/mnt/nas/home/hiromi/src/emo/tests/test_statistics.py'.
Hint: make sure your test modules/packages have valid Python names.
Traceback:
/usr/lib/python3.12/importlib/__init__.py:90: in import_module
    return _bootstrap._gcd_import(name[level:], package, level)
           ^^^^^^^^^^^^^^^^^^^^^^^^^^^^^^^^^^^^^^^^^^^^^^^^^^^^
tests/test_statistics.py:5: in <module>
    from affective_empathy_eval.statistics import (
E   ModuleNotFoundError: No module named 'affective_empathy_eval.statistics'
=========================== short test summary info ============================
ERROR tests/test_geometry.py
ERROR tests/test_interventions.py
ERROR tests/test_likelihood.py
ERROR tests/test_models_hooks.py
ERROR tests/test_statistics.py
!!!!!!!!!!!!!!!!!!! Interrupted: 5 errors during collection !!!!!!!!!!!!!!!!!!!!
============================== 5 errors in 1.21s ===============================
