2026-09-17 02:32:44,411 [INFO] Starting V3-RQ1 State Induction (pilot=False, dry_run=True)
2026-09-17 02:32:44,418 [INFO] Executing mock state induction and gate simulation...
2026-09-17 02:32:44,419 [INFO] Gate Evaluation Completed: DECISION = GO
2026-09-17 02:32:44,419 [INFO]   Checklist: {'specificity_pass': np.True_, 'necessity_pass': True, 'dose_response_pass': True, 'selectivity_pass': True, 'non_specific_detected': False, 'decision': 'GO'}
Traceback (most recent call last):
  File "/mnt/nas/home/hiromi/src/emo/v3/scripts/run_v3_state_induction.py", line 204, in <module>
    main()
  File "/mnt/nas/home/hiromi/src/emo/v3/scripts/run_v3_state_induction.py", line 189, in main
    json.dump(out_results, f, indent=2)
  File "/usr/lib/python3.12/json/__init__.py", line 179, in dump
    for chunk in iterable:
  File "/usr/lib/python3.12/json/encoder.py", line 432, in _iterencode
    yield from _iterencode_dict(o, _current_indent_level)
  File "/usr/lib/python3.12/json/encoder.py", line 406, in _iterencode_dict
    yield from chunks
  File "/usr/lib/python3.12/json/encoder.py", line 406, in _iterencode_dict
    yield from chunks
  File "/usr/lib/python3.12/json/encoder.py", line 439, in _iterencode
    o = _default(o)
        ^^^^^^^^^^^
  File "/usr/lib/python3.12/json/encoder.py", line 180, in default
    raise TypeError(f'Object of type {o.__class__.__name__} '
TypeError: Object of type bool is not JSON serializable
